id,taxonomy,lon,lat,no_damage,ds1,ds2,ds3,ds4
"a3","tax1",-122.57000,38.11300,9.99802E-01,1.37661E-04,9.43892E-06,-7.84107E-06,5.87410E-05
"a2","tax2",-122.11400,38.11300,9.95566E-01,1.90634E-03,1.47903E-03,6.55736E-04,3.92586E-04
"a5","tax1",-122.00000,37.91000,9.98227E-01,6.72434E-04,3.39601E-04,9.35089E-05,6.67222E-04
"a4","tax3",-122.00000,38.00000,9.95822E-01,1.49801E-03,1.88760E-03,5.27779E-04,2.65089E-04
"a1","tax1",-122.00000,38.11300,9.92023E-01,2.43756E-03,1.78649E-03,5.89300E-04,3.16333E-03
"a6","tax2",-122.00000,38.22500,9.93140E-01,2.91139E-03,2.34651E-03,1.03698E-03,5.65030E-04
"a7","tax1",-121.88600,38.11300,9.97453E-01,9.88454E-04,4.63799E-04,1.23541E-04,9.71369E-04
