id,taxonomy,lon,lat,no_damage,ds1,ds2,ds3,ds4
"a3","tax1",-122.57000,38.11300,1.00000E+00,9.56242E-08,1.05113E-07,3.34497E-09,0.00000E+00
"a2","tax2",-122.11400,38.11300,9.99420E-01,2.19164E-04,1.65248E-04,9.98707E-05,9.53454E-05
"a5","tax1",-122.00000,37.91000,9.99630E-01,1.48654E-04,2.03959E-04,1.72314E-05,5.33840E-10
"a4","tax3",-122.00000,38.00000,9.97665E-01,3.48038E-04,1.14903E-03,4.51986E-04,3.85615E-04
"a1","tax1",-122.00000,38.11300,9.79113E-01,7.60494E-03,1.14697E-02,1.79445E-03,1.75423E-05
"a6","tax2",-122.00000,38.22500,9.97695E-01,7.45771E-04,6.42353E-04,4.25489E-04,4.91540E-04
"a7","tax1",-121.88600,38.11300,9.98990E-01,4.22598E-04,5.48154E-04,3.94731E-05,1.10000E-09
