id,taxonomy,lon,lat,no_damage,ds1,ds2,ds3,ds4
"a3","tax1",-122.57000,38.11300,1.00000E+00,5.42056E-09,-8.47571E-10,-1.63261E-09,3.41728E-09
"a2","tax2",-122.11400,38.11300,9.91236E-01,4.79691E-03,2.91092E-03,8.33007E-04,2.23487E-04
"a5","tax1",-122.00000,37.91000,9.99917E-01,7.17206E-05,1.47313E-06,-3.02540E-06,1.28727E-05
"a4","tax3",-122.00000,38.00000,9.97710E-01,9.52409E-04,1.08199E-03,1.89426E-04,6.66329E-05
"a1","tax1",-122.00000,38.11300,9.92854E-01,5.50840E-03,4.95017E-04,-6.12686E-05,1.20426E-03
"a6","tax2",-122.00000,38.22500,9.93938E-01,2.72968E-03,2.07256E-03,8.44352E-04,4.15196E-04
"a7","tax1",-121.88600,38.11300,9.99822E-01,1.54012E-04,1.94644E-06,-8.23333E-06,3.06296E-05
