id,taxonomy,lon,lat,no_damage,ds1,ds2,ds3,ds4
"a3","tax1",-122.57000,38.11300,9.90855E-01,6.23250E-03,1.87666E-03,8.62810E-04,1.72754E-04
"a2","tax2",-122.11400,38.11300,9.87234E-01,7.40072E-03,3.80357E-03,1.15101E-03,4.10716E-04
"a5","tax1",-122.00000,37.91000,9.58812E-01,2.73858E-02,8.58409E-03,4.04427E-03,1.17425E-03
"a4","tax3",-122.00000,38.00000,9.93699E-01,2.36321E-03,2.69495E-03,7.35314E-04,5.07549E-04
"a1","tax1",-122.00000,38.11300,6.09680E-01,1.27370E-01,1.05631E-01,9.64699E-02,6.08486E-02
"a6","tax2",-122.00000,38.22500,9.91713E-01,3.99577E-03,2.48255E-03,1.03547E-03,7.72838E-04
"a7","tax1",-121.88600,38.11300,8.39425E-01,8.93206E-02,4.17431E-02,2.33288E-02,6.18281E-03
