id,taxonomy,lon,lat,no_damage,ds1,ds2,ds3,ds4
"a3","tax1",-122.57000,38.11300,1.00000E+00,0.00000E+00,0.00000E+00,0.00000E+00,0.00000E+00
"a2","tax2",-122.11400,38.11300,9.97987E-01,8.19379E-04,7.35035E-04,3.20021E-04,1.38798E-04
"a5","tax1",-122.00000,37.91000,9.98893E-01,2.40370E-04,2.92953E-04,3.26571E-04,2.47224E-04
"a4","tax3",-122.00000,38.00000,9.95356E-01,1.57066E-03,2.14786E-03,6.35500E-04,2.89668E-04
"a1","tax1",-122.00000,38.11300,9.75206E-01,4.84049E-03,6.17271E-03,7.24015E-03,6.54061E-03
"a6","tax2",-122.00000,38.22500,9.95213E-01,1.63062E-03,1.68599E-03,9.01825E-04,5.68289E-04
"a7","tax1",-121.88600,38.11300,9.96654E-01,7.23069E-04,8.82689E-04,9.86472E-04,7.54077E-04
