id,taxonomy,lon,lat,no_damage,ds1,ds2,ds3,ds4
"a3","tax1",-122.57000,38.11300,9.88809E-01,1.05390E-02,6.45862E-04,6.08718E-06,8.88178E-16
"a2","tax2",-122.11400,38.11300,9.77564E-01,1.30814E-02,5.09813E-03,2.46907E-03,1.78693E-03
"a5","tax1",-122.00000,37.91000,9.52008E-01,4.42746E-02,3.54841E-03,1.67220E-04,2.25454E-06
"a4","tax3",-122.00000,38.00000,9.91791E-01,4.20815E-04,5.52413E-03,1.17885E-03,1.08565E-03
"a1","tax1",-122.00000,38.11300,6.11678E-01,2.29832E-01,1.38439E-01,1.95072E-02,5.43241E-04
"a6","tax2",-122.00000,38.22500,9.87240E-01,6.68400E-03,2.90102E-03,1.57530E-03,1.59991E-03
"a7","tax1",-121.88600,38.11300,8.30638E-01,1.47835E-01,2.10141E-02,5.07951E-04,4.64238E-06
