id,taxonomy,lon,lat,no_damage,ds1,ds2,ds3,ds4
"a3","tax1",-122.57000,38.11300,9.99741E-01,5.59871E-05,6.83969E-05,7.63888E-05,5.79724E-05
"a2","tax2",-122.11400,38.11300,9.97872E-01,6.87986E-04,7.31811E-04,4.12939E-04,2.95123E-04
"a5","tax1",-122.00000,37.91000,9.97281E-01,4.62568E-04,6.29469E-04,7.83731E-04,8.43357E-04
"a4","tax3",-122.00000,38.00000,9.95852E-01,1.38445E-03,1.90446E-03,5.81479E-04,2.77303E-04
"a1","tax1",-122.00000,38.11300,9.85483E-01,2.61403E-03,3.48148E-03,4.24006E-03,4.18138E-03
"a6","tax2",-122.00000,38.22500,9.96487E-01,1.24350E-03,1.25043E-03,6.42745E-04,3.76620E-04
"a7","tax1",-121.88600,38.11300,9.96712E-01,5.66903E-04,7.64513E-04,9.45493E-04,1.01066E-03
