id,taxonomy,lon,lat,no_damage,ds1,ds2,ds3,ds4
"a3","tax1",-122.57000,38.11300,9.99928E-01,6.18372E-05,2.17737E-06,-1.90352E-06,1.03507E-05
"a2","tax2",-122.11400,38.11300,9.95890E-01,1.86367E-03,1.39609E-03,5.63696E-04,2.86098E-04
"a5","tax1",-122.00000,37.91000,9.98432E-01,1.04824E-03,1.83380E-04,3.08273E-05,3.05576E-04
"a4","tax3",-122.00000,38.00000,9.95806E-01,1.49972E-03,1.88886E-03,5.27937E-04,2.77549E-04
"a1","tax1",-122.00000,38.11300,9.92476E-01,5.42132E-03,7.32519E-04,6.76396E-05,1.30228E-03
"a6","tax2",-122.00000,38.22500,9.93439E-01,2.79713E-03,2.26194E-03,9.85284E-04,5.16962E-04
"a7","tax1",-121.88600,38.11300,9.98171E-01,1.20729E-03,2.16450E-04,3.77078E-05,3.67776E-04
