id,taxonomy,lon,lat,no_damage,ds1,ds2,ds3,ds4
"a3","tax1",-122.57000,38.11300,9.99978E-01,1.93376E-05,-9.84823E-07,-2.42084E-06,5.71042E-06
"a2","tax2",-122.11400,38.11300,9.96178E-01,2.18581E-03,1.21849E-03,3.28250E-04,8.95815E-05
"a5","tax1",-122.00000,37.91000,9.99536E-01,3.44990E-04,1.17805E-05,-2.47233E-05,1.32230E-04
"a4","tax3",-122.00000,38.00000,9.97876E-01,8.90989E-04,9.95698E-04,1.73763E-04,6.32298E-05
"a1","tax1",-122.00000,38.11300,9.58714E-01,2.20371E-02,4.97881E-03,3.06171E-04,1.39642E-02
"a6","tax2",-122.00000,38.22500,9.94871E-01,2.27139E-03,1.74576E-03,7.32431E-04,3.78975E-04
"a7","tax1",-121.88600,38.11300,9.98462E-01,1.23008E-03,-2.15404E-06,-1.14021E-04,4.23819E-04
