id,taxonomy,lon,lat,no_damage,ds1,ds2,ds3,ds4
"a3","tax1",-122.57000,38.11300,9.99778E-01,5.04858E-05,6.00665E-05,6.53616E-05,4.61289E-05
"a2","tax2",-122.11400,38.11300,9.97552E-01,8.01658E-04,8.56578E-04,4.76748E-04,3.13318E-04
"a5","tax1",-122.00000,37.91000,9.97100E-01,5.20118E-04,6.95667E-04,8.48827E-04,8.35134E-04
"a4","tax3",-122.00000,38.00000,9.95541E-01,1.48953E-03,2.06204E-03,6.27404E-04,2.80402E-04
"a1","tax1",-122.00000,38.11300,9.85031E-01,2.68423E-03,3.58637E-03,4.37850E-03,4.32016E-03
"a6","tax2",-122.00000,38.22500,9.96224E-01,1.35051E-03,1.35236E-03,6.86540E-04,3.86336E-04
"a7","tax1",-121.88600,38.11300,9.96147E-01,6.39959E-04,8.82590E-04,1.11158E-03,1.21877E-03
