id,taxonomy,lon,lat,no_damage,ds1,ds2,ds3,ds4
"a3","tax1",-122.57000,38.11300,1.00000E+00,0.00000E+00,0.00000E+00,0.00000E+00,0.00000E+00
"a2","tax2",-122.11400,38.11300,9.97991E-01,7.09963E-04,5.69868E-04,3.58702E-04,3.70345E-04
"a5","tax1",-122.00000,37.91000,9.98926E-01,4.14618E-04,5.96672E-04,6.23871E-05,8.42029E-09
"a4","tax3",-122.00000,38.00000,9.95713E-01,6.25553E-04,2.01143E-03,8.54740E-04,7.95029E-04
"a1","tax1",-122.00000,38.11300,9.75905E-01,8.22861E-03,1.30299E-02,2.76390E-03,7.29525E-05
"a6","tax2",-122.00000,38.22500,9.95348E-01,1.41165E-03,1.27457E-03,8.74234E-04,1.09113E-03
"a7","tax1",-121.88600,38.11300,9.96754E-01,1.24653E-03,1.80026E-03,1.98872E-04,3.42425E-08
