id,taxonomy,lon,lat,no_damage,ds1,ds2,ds3,ds4
"a3","tax1",-122.57000,38.11300,9.99778E-01,5.04318E-05,6.00067E-05,6.53009E-05,4.60926E-05
"a2","tax2",-122.11400,38.11300,9.96110E-01,1.36922E-03,1.38343E-03,7.15441E-04,4.21992E-04
"a5","tax1",-122.00000,37.91000,9.96377E-01,6.74176E-04,8.85462E-04,1.06265E-03,1.00121E-03
"a4","tax3",-122.00000,38.00000,9.93406E-01,2.15566E-03,3.01989E-03,9.63404E-04,4.54739E-04
"a1","tax1",-122.00000,38.11300,9.81728E-01,3.09977E-03,4.24065E-03,5.30022E-03,5.63177E-03
"a6","tax2",-122.00000,38.22500,9.93792E-01,2.11624E-03,2.19339E-03,1.17136E-03,7.26891E-04
"a7","tax1",-121.88600,38.11300,9.93850E-01,1.11878E-03,1.47916E-03,1.79107E-03,1.76123E-03
