id,taxonomy,lon,lat,no_damage,ds1,ds2,ds3,ds4
"a3","tax1",-122.57000,38.11300,9.99957E-01,3.82987E-05,1.95365E-07,-1.89213E-06,6.80634E-06
"a2","tax2",-122.11400,38.11300,9.93176E-01,2.89202E-03,2.33959E-03,1.03014E-03,5.62433E-04
"a5","tax1",-122.00000,37.91000,9.98232E-01,1.31813E-03,1.56609E-04,6.80789E-06,2.86774E-04
"a4","tax3",-122.00000,38.00000,9.92514E-01,2.61038E-03,3.38933E-03,9.90052E-04,4.96611E-04
"a1","tax1",-122.00000,38.11300,9.89355E-01,7.32653E-03,1.18590E-03,1.71921E-04,1.96045E-03
"a6","tax2",-122.00000,38.22500,9.90826E-01,3.59447E-03,3.14432E-03,1.51432E-03,9.20397E-04
"a7","tax1",-121.88600,38.11300,9.96889E-01,2.20764E-03,3.15876E-04,3.27549E-05,5.54406E-04
