id,taxonomy,lon,lat,no_damage,ds1,ds2,ds3,ds4
"a3","tax1",-122.57000,38.11300,1.00000E+00,0.00000E+00,0.00000E+00,0.00000E+00,0.00000E+00
"a2","tax2",-122.11400,38.11300,9.98095E-01,7.65992E-04,6.96194E-04,3.07342E-04,1.35233E-04
"a5","tax1",-122.00000,37.91000,9.98893E-01,2.40370E-04,2.92953E-04,3.26571E-04,2.47224E-04
"a4","tax3",-122.00000,38.00000,9.95356E-01,1.57066E-03,2.14786E-03,6.35500E-04,2.89668E-04
"a1","tax1",-122.00000,38.11300,9.36228E-01,1.26993E-02,1.61555E-02,1.88740E-02,1.60430E-02
"a6","tax2",-122.00000,38.22500,9.95213E-01,1.63062E-03,1.68599E-03,9.01825E-04,5.68289E-04
"a7","tax1",-121.88600,38.11300,9.96907E-01,6.58311E-04,8.10931E-04,9.13392E-04,7.10333E-04
