#,,,,,,"generated_by='OpenQuake engine 3.8.0-git09305f5fc7', start_date='2019-11-28T07:43:46', checksum=1447978906, kind='rlz-000', investigation_time=1.0, imt='PGA'"
lon,lat,depth,poe-0.0100000,poe-0.1000000,poe-0.3000000,poe-1.0000000
-64.91005,0.00000,0.00000,4.877058E-02,2.875868E-02,7.630693E-03,6.581248E-05
