id,taxonomy,lon,lat,no_damage,slight,moderate,extreme,complete
"a1","Wood",-122.00000,38.11300,1.80462E-01,6.73228E-02,1.77691E-01,1.71038E-01,4.03486E-01
