#,,,,,,,,,,,,"generated_by='OpenQuake engine 3.8.0-git09305f5fc7', start_date='2019-11-28T07:43:06', checksum=3553734699, kind='mean', investigation_time=50.0, imt='SA(0.1)'"
lon,lat,depth,poe-0.0001000,poe-0.0010000,poe-0.0100000,poe-0.0500000,poe-0.1000000,poe-0.1500000,poe-0.2000000,poe-0.3000000,poe-0.5000000,poe-0.8000000
-0.10000,0.00000,0.00000,6.559523E-01,6.559523E-01,6.559503E-01,6.466785E-01,6.130497E-01,5.721585E-01,5.293986E-01,4.426240E-01,2.882119E-01,1.403867E-01
0.00000,0.00000,0.00000,6.559523E-01,6.559523E-01,6.559523E-01,6.514710E-01,6.238566E-01,5.822443E-01,5.357451E-01,4.396848E-01,2.703825E-01,1.190084E-01
0.10000,0.00000,0.00000,6.559523E-01,6.559523E-01,6.559523E-01,6.418385E-01,5.922443E-01,5.434248E-01,5.024345E-01,4.319591E-01,3.095378E-01,1.857799E-01
