#,,,,,,,,,"generated_by='OpenQuake engine 3.8.0-git09305f5fc7', start_date='2019-11-28T07:43:06', checksum=3553734699, kind='mean', investigation_time=50.0, imt='PGA'"
lon,lat,depth,poe-0.0001000,poe-0.0010000,poe-0.0100000,poe-0.0500000,poe-0.1000000,poe-0.1500000,poe-0.2000000
-0.10000,0.00000,0.00000,6.559523E-01,6.559523E-01,6.556640E-01,6.135122E-01,5.289103E-01,4.375274E-01,3.509938E-01
0.00000,0.00000,0.00000,6.559523E-01,6.559523E-01,6.559035E-01,6.195626E-01,5.241547E-01,4.241852E-01,3.330835E-01
0.10000,0.00000,0.00000,6.559523E-01,6.559523E-01,6.555929E-01,5.843827E-01,4.870605E-01,4.118479E-01,3.455109E-01
