#,,,,,,,,,,,,"generated_by='OpenQuake engine 3.8.0-git09305f5fc7', start_date='2019-11-28T07:43:06', checksum=3553734699, kind='std', investigation_time=50.0, imt='SA(0.1)'"
lon,lat,depth,poe-0.0001000,poe-0.0010000,poe-0.0100000,poe-0.0500000,poe-0.1000000,poe-0.1500000,poe-0.2000000,poe-0.3000000,poe-0.5000000,poe-0.8000000
-0.10000,0.00000,0.00000,2.205482E-01,2.205482E-01,2.205505E-01,2.292213E-01,2.531570E-01,2.705457E-01,2.759523E-01,2.586845E-01,1.837295E-01,9.045658E-02
0.00000,0.00000,0.00000,2.205482E-01,2.205482E-01,2.205482E-01,2.243353E-01,2.427735E-01,2.634681E-01,2.772196E-01,2.762548E-01,2.079801E-01,1.001875E-01
0.10000,0.00000,0.00000,2.205482E-01,2.205482E-01,2.205482E-01,2.273502E-01,2.515987E-01,2.729183E-01,2.830223E-01,2.709883E-01,1.968935E-01,1.194642E-01
