#,,,,,,,,,,,,"generated_by='OpenQuake engine 3.8.0-git1417c0c418', start_date='2019-11-28T05:55:50', checksum=3553734699, kind='max', investigation_time=50.0, imt='SA(0.1)'"
lon,lat,depth,poe-0.0001000,poe-0.0010000,poe-0.0100000,poe-0.0500000,poe-0.1000000,poe-0.1500000,poe-0.2000000,poe-0.3000000,poe-0.5000000,poe-0.8000000
-0.10000,0.00000,0.00000,9.994035E-01,9.994035E-01,9.994035E-01,9.990621E-01,9.964214E-01,9.879028E-01,9.691128E-01,8.923611E-01,6.387023E-01,3.099265E-01
0.00000,0.00000,0.00000,9.994035E-01,9.994035E-01,9.994035E-01,9.993192E-01,9.984477E-01,9.953260E-01,9.870207E-01,9.402001E-01,7.129761E-01,3.487259E-01
0.10000,0.00000,0.00000,9.994035E-01,9.994035E-01,9.994035E-01,9.992415E-01,9.978970E-01,9.934271E-01,9.825000E-01,9.281335E-01,6.947793E-01,3.386714E-01
