#,,,,,,,,,"generated_by='OpenQuake engine 3.8.0-git1417c0c418', start_date='2019-11-28T05:55:50', checksum=3553734699, kind='std', investigation_time=50.0, imt='PGA'"
lon,lat,depth,poe-0.0001000,poe-0.0010000,poe-0.0100000,poe-0.0500000,poe-0.1000000,poe-0.1500000,poe-0.2000000
-0.10000,0.00000,0.00000,2.205482E-01,2.205482E-01,2.208931E-01,2.561314E-01,2.743524E-01,2.476913E-01,2.067907E-01
0.00000,0.00000,0.00000,2.205482E-01,2.205482E-01,2.206066E-01,2.461485E-01,2.787117E-01,2.655096E-01,2.272340E-01
0.10000,0.00000,0.00000,2.205482E-01,2.205482E-01,2.207282E-01,2.555690E-01,2.830847E-01,2.588511E-01,2.173419E-01
