asset_id,taxonomy,lon,lat,no_damage,slight,moderate,extreme,complete
"a1","Wood",-122.00000,38.11300,9.70892E-01,4.50287E-03,8.43321E-03,5.25429E-03,1.09177E-02
