#,,,,,,,,,,,,,"generated_by='OpenQuake engine 3.8.0-git25e9055ebb', start_date='2019-10-09T15:10:48', checksum=2136678667, kind='quantile-0.5', risk_investigation_time=50.0"
id,taxonomy,lon,lat,business_interruption~poe-0.02,business_interruption~poe-0.1,contents~poe-0.02,contents~poe-0.1,nonstructural~poe-0.02,nonstructural~poe-0.1,occupants~poe-0.02,occupants~poe-0.1,structural~poe-0.02,structural~poe-0.1
"a3","tax1",-122.57000,38.11300,1.86746E+02,7.99946E+01,1.52324E+03,4.99965E+02,1.68402E+03,7.49943E+02,3.73492E-03,1.59989E-03,7.93369E+02,3.69153E+02
"a2","tax2",-122.11400,38.11300,6.51667E+02,2.54820E+02,5.00000E+03,4.12523E+03,1.29555E+04,5.50478E+03,1.30333E-02,5.09640E-03,1.78590E+03,6.28793E+02
"a5","tax1",-122.00000,37.91000,6.89821E+02,1.97570E+02,4.59888E+03,1.61075E+03,6.45242E+03,1.77499E+03,1.37964E-02,3.95141E-03,3.68770E+03,9.08541E+02
"a4","tax3",-122.00000,38.00000,1.19469E+03,4.08836E+02,5.00000E+03,4.19502E+03,1.45283E+04,7.61862E+03,2.38937E-02,8.17671E-03,5.39991E+03,1.83184E+03
"a1","tax1",-122.00000,38.11300,1.52527E+03,6.54042E+02,5.00000E+03,4.47661E+03,1.28595E+04,5.99284E+03,3.05053E-02,1.30808E-02,7.59478E+03,3.48591E+03
"a6","tax2",-122.00000,38.22500,7.99301E+02,3.38489E+02,5.00000E+03,4.78384E+03,1.46274E+04,8.73031E+03,1.59860E-02,6.76979E-03,2.18266E+03,8.28088E+02
"a7","tax1",-121.88600,38.11300,7.96438E+02,2.75358E+02,4.62380E+03,2.18310E+03,7.21235E+03,2.45650E+03,1.59288E-02,5.50716E-03,4.07237E+03,1.31396E+03
