#,,,,,,,,,,,,,"generated_by='OpenQuake engine 3.8.0-git25e9055ebb', start_date='2019-10-09T15:10:48', checksum=2136678667, kind='quantile-0.85', risk_investigation_time=50.0"
id,taxonomy,lon,lat,business_interruption~poe-0.02,business_interruption~poe-0.1,contents~poe-0.02,contents~poe-0.1,nonstructural~poe-0.02,nonstructural~poe-0.1,occupants~poe-0.02,occupants~poe-0.1,structural~poe-0.02,structural~poe-0.1
"a3","tax1",-122.57000,38.11300,1.89272E+02,9.23762E+01,1.54760E+03,6.18670E+02,1.70613E+03,8.58278E+02,3.78544E-03,1.84752E-03,8.19705E+02,3.74482E+02
"a2","tax2",-122.11400,38.11300,8.30223E+02,3.16119E+02,5.00000E+03,4.64733E+03,1.42109E+04,7.29480E+03,1.66045E-02,6.32237E-03,2.27378E+03,7.85584E+02
"a5","tax1",-122.00000,37.91000,8.28362E+02,2.63054E+02,4.68225E+03,2.11868E+03,7.54355E+03,2.35889E+03,1.65672E-02,5.26108E-03,4.19214E+03,1.27896E+03
"a4","tax3",-122.00000,38.00000,1.37312E+03,5.23688E+02,5.00000E+03,4.66352E+03,1.49819E+04,1.02431E+04,2.74624E-02,1.04738E-02,6.32519E+03,2.30383E+03
"a1","tax1",-122.00000,38.11300,1.79948E+03,8.96667E+02,5.00000E+03,4.78160E+03,1.42614E+04,8.20390E+03,3.59896E-02,1.79333E-02,9.00337E+03,4.38806E+03
"a6","tax2",-122.00000,38.22500,1.09719E+03,4.04797E+02,5.00000E+03,4.90126E+03,1.49649E+04,1.02855E+04,2.19438E-02,8.09594E-03,2.96568E+03,1.20262E+03
"a7","tax1",-121.88600,38.11300,1.02581E+03,3.48761E+02,4.95041E+03,2.80908E+03,9.39750E+03,3.13196E+03,2.05161E-02,6.97521E-03,5.15360E+03,1.65246E+03
