id,taxonomy,lon,lat,no_damage,slight,moderate,extreme,complete
"a1","Wood",-122.00000,38.11300,9.76549E-01,3.66740E-03,6.91624E-03,4.28019E-03,8.58732E-03
