#,,,,,,,,,,,,,,"generated_by='OpenQuake engine 3.8.0-git1417c0c418', start_date='2019-11-28T05:55:53', checksum=2503288659, kind='mean', investigation_time=1.0, imt='SA(0.2)'"
lon,lat,depth,poe-0.0010197,poe-0.0101972,poe-0.0178450,poe-0.0305915,poe-0.0611830,poe-0.1019720,poe-0.1784500,poe-0.3059150,poe-0.6118300,poe-1.0197200,poe-1.7845000,poe-2.3963300
-123.23738,49.27479,0.00000,4.628514E-02,2.469799E-02,1.790881E-02,1.207108E-02,6.148847E-03,3.188421E-03,1.302483E-03,4.588409E-04,9.269065E-05,2.368102E-05,4.095078E-06,1.348959E-06
-123.23282,49.26162,0.00000,4.623394E-02,2.458893E-02,1.783303E-02,1.203061E-02,6.122041E-03,3.168064E-03,1.292316E-03,4.547544E-04,9.107333E-05,2.272644E-05,3.749657E-06,1.199933E-06
-123.20480,49.26786,0.00000,4.618269E-02,2.446469E-02,1.774583E-02,1.196928E-02,6.119990E-03,3.191709E-03,1.312606E-03,4.657634E-04,9.597678E-05,2.539093E-05,4.678330E-06,1.609333E-06
