#,,,,,,,,,,,,,,"generated_by='OpenQuake engine 3.8.0-git1417c0c418', start_date='2019-11-28T05:55:53', checksum=2503288659, kind='mean', investigation_time=1.0, imt='SA(1.0)'"
lon,lat,depth,poe-0.0010197,poe-0.0101972,poe-0.0178450,poe-0.0305915,poe-0.0611830,poe-0.1019720,poe-0.1784500,poe-0.3059150,poe-0.6118300,poe-1.0197200,poe-1.7845000,poe-2.3963300
-123.23738,49.27479,0.00000,3.763901E-02,1.088988E-02,6.501242E-03,3.550493E-03,1.357952E-03,5.749006E-04,1.913621E-04,5.670749E-05,9.162426E-06,1.783627E-06,1.773671E-07,3.381581E-08
-123.23282,49.26162,0.00000,3.756680E-02,1.085328E-02,6.471660E-03,3.531260E-03,1.349749E-03,5.711467E-04,1.897365E-04,5.576978E-05,8.742756E-06,1.640101E-06,1.544493E-07,2.832740E-08
-123.20480,49.26786,0.00000,3.748495E-02,1.083983E-02,6.477634E-03,3.540406E-03,1.356660E-03,5.765601E-04,1.937411E-04,5.850430E-05,9.880176E-06,2.014668E-06,2.131973E-07,4.386294E-08
