#,,,,"generated_by='OpenQuake engine 3.8.0-git1417c0c418', start_date='2019-11-28T05:55:53', checksum=2503288659, kind='rlz-001', investigation_time=1.0"
lon,lat,0.002105~PGA,0.002105~SA(0.2),0.002105~SA(1.0)
-123.23738,49.27479,5.794934E-02,1.292155E-01,4.333641E-02
-123.23282,49.26162,5.761088E-02,1.286476E-01,4.315441E-02
-123.20480,49.26786,5.823171E-02,1.295851E-01,4.327730E-02
