#,,,,,,,,,,,,,,,,,,,,,"generated_by='OpenQuake engine 3.8.0-git1417c0c418', start_date='2019-11-28T05:56:33', checksum=1766140051, kind='mean', investigation_time=50.0, imt='SA(0.2)'"
lon,lat,depth,poe-0.0050000,poe-0.0070000,poe-0.0098000,poe-0.0137000,poe-0.0192000,poe-0.0269000,poe-0.0376000,poe-0.0527000,poe-0.0738000,poe-0.1030000,poe-0.1450000,poe-0.2030000,poe-0.2840000,poe-0.3970000,poe-0.5560000,poe-0.7780000,poe-1.0900000,poe-1.5200000,poe-2.1300000
0.00000,0.00000,0.00000,9.999948E-01,9.999948E-01,9.999946E-01,9.999939E-01,9.999916E-01,9.999833E-01,9.999472E-01,9.997408E-01,9.984124E-01,9.907937E-01,9.562582E-01,8.559315E-01,6.660370E-01,4.289047E-01,2.230419E-01,9.403500E-02,3.192564E-02,8.689822E-03,1.742004E-03
