#,,,,,,,,,,,,,,,,,,,,,"generated_by='OpenQuake engine 3.8.0-git1417c0c418', start_date='2019-11-28T05:56:33', checksum=1766140051, kind='mean', investigation_time=50.0, imt='SA(0.025)'"
lon,lat,depth,poe-0.0050000,poe-0.0070000,poe-0.0098000,poe-0.0137000,poe-0.0192000,poe-0.0269000,poe-0.0376000,poe-0.0527000,poe-0.0738000,poe-0.1030000,poe-0.1450000,poe-0.2030000,poe-0.2840000,poe-0.3970000,poe-0.5560000,poe-0.7780000,poe-1.0900000,poe-1.5200000,poe-2.1300000
0.00000,0.00000,0.00000,9.999945E-01,9.999935E-01,9.999900E-01,9.999772E-01,9.999157E-01,9.995558E-01,9.973868E-01,9.860646E-01,9.430960E-01,8.328686E-01,6.333556E-01,3.965127E-01,1.975550E-01,7.736507E-02,2.320668E-02,5.048430E-03,7.107451E-04,3.029855E-05,0.000000E+00
