#,,,,,,,,,,,,,,,,,,,,,"generated_by='OpenQuake engine 3.8.0-gitcf89a0b2d9', start_date='2019-11-27T09:53:34', checksum=1766140051, kind='mean', investigation_time=50.0, imt='SA(0.5)'"
lon,lat,depth,poe-0.0050000,poe-0.0070000,poe-0.0098000,poe-0.0137000,poe-0.0192000,poe-0.0269000,poe-0.0376000,poe-0.0527000,poe-0.0738000,poe-0.1030000,poe-0.1450000,poe-0.2030000,poe-0.2840000,poe-0.3970000,poe-0.5560000,poe-0.7780000,poe-1.0900000,poe-1.5200000,poe-2.1300000
0.00000,0.00000,0.00000,9.999945E-01,9.999935E-01,9.999903E-01,9.999788E-01,9.999261E-01,9.996251E-01,9.978015E-01,9.879764E-01,9.492693E-01,8.472005E-01,6.603119E-01,4.365745E-01,2.421739E-01,1.136446E-01,4.491617E-02,1.489190E-02,4.000770E-03,8.239723E-04,8.742978E-05
