#,,,,,,,,,,,,,,,,,"generated_by='OpenQuake engine 3.8.0-gitcf89a0b2d9', start_date='2019-11-27T09:53:34', checksum=1766140051, kind='mean', investigation_time=50.0"
lon,lat,0.1~PGA,0.1~SA(0.025),0.1~SA(0.05),0.1~SA(0.1),0.1~SA(0.2),0.1~SA(0.5),0.1~SA(1.0),0.1~SA(2.0),0.02~PGA,0.02~SA(0.025),0.02~SA(0.05),0.02~SA(0.1),0.02~SA(0.2),0.02~SA(0.5),0.02~SA(1.0),0.02~SA(2.0)
0.00000,0.00000,3.295817E-01,3.620436E-01,4.654725E-01,7.492421E-01,7.592664E-01,4.158596E-01,2.099804E-01,9.096891E-02,5.211084E-01,5.742620E-01,7.435691E-01,1.191097E+00,1.227870E+00,7.112182E-01,3.753356E-01,1.724198E-01
