#,,,,,,,,,,,,,,,,,,,,,,,,,,,,,,,,,,,,,,,,,,,,,,,"generated_by='OpenQuake engine 3.8.0-git1417c0c418', start_date='2019-11-28T05:56:33', checksum=1766140051, kind='mean', investigation_time=50.0, imt='PGV'"
lon,lat,depth,poe-2.0000000,poe-4.0000000,poe-6.0000000,poe-8.0000000,poe-10.0000000,poe-12.0000000,poe-14.0000000,poe-16.0000000,poe-18.0000000,poe-20.0000000,poe-23.0000000,poe-26.0000000,poe-29.0000000,poe-32.0000000,poe-35.0000000,poe-38.0000000,poe-41.0000000,poe-44.0000000,poe-47.0000000,poe-50.0000000,poe-55.0000000,poe-60.0000000,poe-65.0000000,poe-70.0000000,poe-75.0000000,poe-80.0000000,poe-85.0000000,poe-90.0000000,poe-95.0000000,poe-100.0000000,poe-110.0000000,poe-120.0000000,poe-130.0000000,poe-140.0000000,poe-150.0000000,poe-160.0000000,poe-170.0000000,poe-180.0000000,poe-190.0000000,poe-200.0000000,poe-220.0000000,poe-240.0000000,poe-260.0000000,poe-280.0000000,poe-300.0000000
0.00000,0.00000,0.00000,9.948587E-01,9.121812E-01,7.445266E-01,5.707067E-01,4.274873E-01,3.192493E-01,2.397308E-01,1.819434E-01,1.395302E-01,1.080340E-01,7.499163E-02,5.306785E-02,3.816055E-02,2.782500E-02,2.058674E-02,1.536800E-02,1.160114E-02,8.821680E-03,6.772024E-03,5.221710E-03,3.421189E-03,2.275899E-03,1.534990E-03,1.035503E-03,7.041430E-04,4.740176E-04,3.143086E-04,2.070591E-04,1.327567E-04,8.903125E-05,3.260222E-05,8.068872E-06,0.000000E+00,0.000000E+00,0.000000E+00,0.000000E+00,0.000000E+00,0.000000E+00,0.000000E+00,0.000000E+00,0.000000E+00,0.000000E+00,0.000000E+00,0.000000E+00,0.000000E+00
