#,,,,,"generated_by='OpenQuake engine 3.8.0-git09305f5fc7', start_date='2019-11-28T07:44:06', checksum=2929498526, kind='rlz-000', investigation_time=1.0, imt='PGA'"
lon,lat,depth,poe-0.1000000,poe-0.1200000,poe-0.2000000
0.00000,0.00000,0.00000,6.321205E-01,4.854215E-01,4.585245E-02
