#,,,,,,,,,,,,,,,,,,,,,,,,"generated_by='OpenQuake engine 3.8.0-gitedcaf71df1', start_date='2019-11-29T14:16:14', checksum=712003062, kind='mean', investigation_time=50.0, imt='SA(0.15)'"
lon,lat,depth,poe-0.0040000,poe-0.0050000,poe-0.0070000,poe-0.0098000,poe-0.0137000,poe-0.0192000,poe-0.0269000,poe-0.0376000,poe-0.0527000,poe-0.0738000,poe-0.1030000,poe-0.1450000,poe-0.2030000,poe-0.2840000,poe-0.3970000,poe-0.5560000,poe-0.7780000,poe-1.0900000,poe-1.5200000,poe-2.1300000,poe-2.8500000,poe-3.4500000
16.26570,39.30020,0.00000,7.720845E-01,7.522161E-01,7.147744E-01,6.672547E-01,6.084942E-01,5.363635E-01,4.516939E-01,3.595145E-01,2.670483E-01,1.849312E-01,1.199973E-01,7.199154E-02,4.101562E-02,2.223966E-02,1.157984E-02,5.844546E-03,2.913963E-03,1.454061E-03,7.408388E-04,3.762783E-04,2.081990E-04,1.396628E-04
