#,,"generated_by='OpenQuake engine 3.8.0-git1417c0c418', start_date='2019-11-28T05:59:44', checksum=1553247118, smlt_path='b1', gsimlt_path='b1', imt='SA', investigation_time=50.0, lon=10.099999999999994, lat=40.1, poe='0.1000000', iml='3.2736901e-01', rlz=0"
mag,dist,poe
5.50000E+00,1.25000E+01,5.39400E-02
5.50000E+00,3.75000E+01,3.71831E-04
6.50000E+00,1.25000E+01,2.68431E-02
6.50000E+00,3.75000E+01,3.91442E-03
7.50000E+00,1.25000E+01,9.22034E-03
7.50000E+00,3.75000E+01,4.95982E-04
