#,,,,,,,,,,,,,,,,,,,,,"generated_by='OpenQuake engine 3.8.0-gitcf89a0b2d9', start_date='2019-11-27T09:56:09', checksum=396512399, kind='rlz-000', investigation_time=50.0, imt='SA(1.0)'"
lon,lat,depth,poe-0.0050000,poe-0.0070000,poe-0.0098000,poe-0.0137000,poe-0.0192000,poe-0.0269000,poe-0.0376000,poe-0.0527000,poe-0.0738000,poe-0.1030000,poe-0.1450000,poe-0.2030000,poe-0.2840000,poe-0.3970000,poe-0.5560000,poe-0.7780000,poe-1.0900000,poe-1.5200000,poe-2.1300000
0.00000,0.00000,0.00000,6.438561E-01,6.054846E-01,5.512622E-01,4.849759E-01,4.130931E-01,3.440611E-01,2.827097E-01,2.280156E-01,1.781796E-01,1.322679E-01,9.028171E-02,5.679120E-02,3.257449E-02,1.692126E-02,7.789101E-03,3.140094E-03,1.065414E-03,2.939219E-04,5.461648E-05
