#,,,,,,,,,,,,,,,,,,,,,,"generated_by='OpenQuake engine 3.8.0-git1417c0c418', start_date='2019-11-28T05:59:37', checksum=865288112, kind='mean', investigation_time=1.0, imt='PGA'"
lon,lat,depth,poe-0.0050000,poe-0.0068764,poe-0.0094569,poe-0.0130059,poe-0.0178867,poe-0.0245991,poe-0.0338306,poe-0.0465264,poe-0.0639867,poe-0.0879994,poe-0.1210235,poe-0.1664408,poe-0.2289021,poe-0.3148036,poe-0.4329420,poe-0.5954149,poe-0.8188600,poe-1.1261588,poe-1.5487796,poe-2.1300000
0.00000,0.00000,0.00000,9.613504E-04,9.336940E-04,8.897118E-04,8.268441E-04,7.456583E-04,6.503270E-04,5.478407E-04,4.460740E-04,3.517698E-04,2.692732E-04,2.003153E-04,1.446714E-04,1.010876E-04,6.790429E-05,4.349515E-05,2.628090E-05,1.480575E-05,7.677274E-06,3.615153E-06,1.514795E-06
