id,taxonomy,lon,lat,no_damage,slight,moderate,extreme,complete
"a1","Wood",-122.00000,38.11300,9.97552E-01,2.87273E-03,4.55294E-03,3.63478E-03,-8.61271E-03
