#,,,,,"generated_by='OpenQuake engine 3.8.0-git09305f5fc7', start_date='2019-11-28T07:43:07', checksum=882043804, kind='quantile-0.9', investigation_time=50.0, imt='PGA'"
lon,lat,depth,poe-0.0050000,poe-0.0070000,poe-0.0098000
0.00000,0.00000,0.00000,4.549899E-01,4.508624E-01,4.398113E-01
