#,,,,,,,,,,,,,,,,,,,,,,"generated_by='OpenQuake engine 3.8.0-git1417c0c418', start_date='2019-11-28T05:59:07', checksum=4283469194, kind='mean', investigation_time=1.0, imt='SA(0.5)'"
lon,lat,depth,poe-0.0050000,poe-0.0070015,poe-0.0098041,poe-0.0137286,poe-0.0192240,poe-0.0269192,poe-0.0376948,poe-0.0527836,poe-0.0739125,poe-0.1034991,poe-0.1449289,poe-0.2029427,poe-0.2841789,poe-0.3979333,poe-0.5572227,poe-0.7802743,poe-1.0926116,poe-1.5299748,poe-2.1424109,poe-3.0000000
-155.76871,21.60952,0.00000,5.090789E-02,4.347548E-02,3.440871E-02,2.485713E-02,1.610627E-02,9.174303E-03,4.494359E-03,1.816754E-03,5.682147E-04,1.270893E-04,1.618948E-05,1.647305E-07,3.846451E-09,3.533984E-10,0.000000E+00,0.000000E+00,0.000000E+00,0.000000E+00,0.000000E+00,0.000000E+00
