#,,,,,,,,,,,,,,,,,,,,,,"generated_by='OpenQuake engine 3.8.0-git544da60b66', start_date='2019-11-29T14:03:04', checksum=4283469194, kind='mean', investigation_time=1.0, imt='SA(2.0)'"
lon,lat,depth,poe-0.0050000,poe-0.0068536,poe-0.0093944,poe-0.0128772,poe-0.0176511,poe-0.0241948,poe-0.0331645,poe-0.0454594,poe-0.0623124,poe-0.0854131,poe-0.1170780,poe-0.1604818,poe-0.2199765,poe-0.3015274,poe-0.4133114,poe-0.5665365,poe-0.7765661,poe-1.0644590,poe-1.4590812,poe-2.0000000
-155.76871,21.60952,0.00000,3.843341E-03,3.735631E-03,3.432561E-03,2.826890E-03,1.966140E-03,1.095650E-03,4.690971E-04,1.482107E-04,3.134038E-05,2.384928E-06,0.000000E+00,0.000000E+00,0.000000E+00,0.000000E+00,0.000000E+00,0.000000E+00,0.000000E+00,0.000000E+00,0.000000E+00,0.000000E+00
